src/api/api.ts(12,23): error TS6196: 'PagoItem' is declared but never used.
src/pages/POSPage.tsx(60,65): error TS2769: No overload matches this call.
  Overload 1 of 3, '(options: DefinedInitialDataOptions<unknown, Error, unknown, string[]>, queryClient?: QueryClient | undefined): DefinedUseQueryResult<unknown, Error>', gave the following error.
    Type '(sucursal_id?: string) => Promise<{ today_sales: number; transaction_count: number; }>' is not assignable to type 'QueryFunction<unknown, string[]>'.
      Types of parameters 'sucursal_id' and 'context' are incompatible.
        Type '{ client: QueryClient; queryKey: string[]; signal: AbortSignal; meta: Record<string, unknown> | undefined; pageParam?: unknown; direction?: unknown; }' is not assignable to type 'string'.
  Overload 2 of 3, '(options: UndefinedInitialDataOptions<{ today_sales: number; transaction_count: number; }, Error, { today_sales: number; transaction_count: number; }, string[]>, queryClient?: QueryClient | undefined): UseQueryResult<...>', gave the following error.
    Type '(sucursal_id?: string) => Promise<{ today_sales: number; transaction_count: number; }>' is not assignable to type 'unique symbol | QueryFunction<{ today_sales: number; transaction_count: number; }, string[], never> | undefined'.
      Type '(sucursal_id?: string) => Promise<{ today_sales: number; transaction_count: number; }>' is not assignable to type 'QueryFunction<{ today_sales: number; transaction_count: number; }, string[], never>'.
        Types of parameters 'sucursal_id' and 'context' are incompatible.
          Type '{ client: QueryClient; queryKey: string[]; signal: AbortSignal; meta: Record<string, unknown> | undefined; pageParam?: unknown; direction?: unknown; }' is not assignable to type 'string'.
  Overload 3 of 3, '(options: UseQueryOptions<{ today_sales: number; transaction_count: number; }, Error, { today_sales: number; transaction_count: number; }, string[]>, queryClient?: QueryClient | undefined): UseQueryResult<...>', gave the following error.
    Type '(sucursal_id?: string) => Promise<{ today_sales: number; transaction_count: number; }>' is not assignable to type 'unique symbol | QueryFunction<{ today_sales: number; transaction_count: number; }, string[], never> | undefined'.
      Type '(sucursal_id?: string) => Promise<{ today_sales: number; transaction_count: number; }>' is not assignable to type 'QueryFunction<{ today_sales: number; transaction_count: number; }, string[], never>'.
        Types of parameters 'sucursal_id' and 'context' are incompatible.
          Type '{ client: QueryClient; queryKey: string[]; signal: AbortSignal; meta: Record<string, unknown> | undefined; pageParam?: unknown; direction?: unknown; }' is not assignable to type 'string'.
src/pages/POSPage.tsx(184,66): error TS2339: Property 'today_sales' does not exist on type '{}'.
src/pages/VentasPage.tsx(6,23): error TS6133: 'X' is declared but its value is never read.
